--
--PostgreSQL SELECT examples
--
SELECT first_name,
 last_name,
 email
FROM customer;
ERROR:  relation "customer" does not exist
LINE 4: FROM customer;
             ^
